// Jest Snapshot v1, https://goo.gl/fbAQLP

exports[`BoxFactory matches snapshot 1`] = `
<DocumentFragment>
  <div
    class="flex snap-end items-center justify-center"
  >
    <button
      data-testid="handle-flow-change"
    >
      <div
        class="group relative flex h-8 w-8 items-center justify-center rounded-md text-xs hover:border-0 hover:bg-gray-dark-dark hover:text-white border-gray-light border-2 bg-gray-mid-light text-gray-700 transition-transform duration-200 ease-in-out hover:scale-110 hover:shadow-md active:scale-100"
      >
        <div
          aria-hidden="false"
          class="absolute inset-0 flex items-center justify-center rounded-md text-xs border-gray-light bg-gray-mid-light border-0"
        >
          Mo
        </div>
        <span
          aria-hidden="true"
          class="opacity-0 group-hover:opacity-100 group-active:opacity-100 group-focus:opacity-100 hidden"
        >
          15
        </span>
      </div>
    </button>
  </div>
</DocumentFragment>
`;
