// Jest Snapshot v1, https://goo.gl/fbAQLP

exports[`LaunchModal should render the same 1`] = `
<div>
  <div
    class="relative"
  >
    <button
      aria-label="launch-modal"
      class=""
      type="button"
    >
      <span
        class="relative flex h-8 w-8 items-center justify-center rounded-md text-xs bg-gray-200 text-gray-700"
      />
    </button>
    <div
      aria-hidden="true"
      aria-label="model"
      class="absolute top-1/2 left-1/2 -translate-x-1/2 -translate-y-1/2 transform flex-col items-center justify-center space-y-4 rounded border-4 border-white p-16 shadow-md md:p-24 hidden"
      data-testid="model"
      role="dialog"
    >
      <button
        aria-label="close-modal"
        class="absolute top-0 right-0 m-4 rounded-full border-4 border-white bg-gray-99 px-6 py-4 text-black hover:bg-gray-400 hover:text-white hidden"
        type="button"
      >
        close
      </button>
    </div>
  </div>
</div>
`;
